[09-15 16:07:16]: [INFO] Created column 'regdate' and set the current timestamp, 1789488436525, to all 0 rows
[09-15 16:07:16]: [INFO] SQLite Setup finished
[09-15 16:07:16]: [INFO] No supported permissions system found! Permissions are disabled!
[09-15 16:07:16]: [WARN] WARNING! The protectInventory feature requires ProtocolLib! Disabling it...
[09-15 16:07:17]: [INFO] AuthMe 5.6.0 build n.CUSTOM successfully enabled!
[09-15 16:07:17]: [INFO] Downloading GEO IP database, because the old database is older than 30 days or doesn't exist
[09-15 16:07:17]: [WARN] No MaxMind credentials found in the configuration file! GeoIp protections will be disabled.
[09-15 16:07:17]: [INFO] There is no newer GEO IP database uploaded to MaxMind. Using the old one for now.
[09-15 16:07:17]: [WARN] Could not download GeoLiteAPI database [FileNotFoundException]: plugins/AuthMe/GeoLite2-Country.mmdb (No such file or directory)
[09-15 16:07:17]: java.io.FileNotFoundException: plugins/AuthMe/GeoLite2-Country.mmdb (No such file or directory)
	at java.base/java.io.RandomAccessFile.open0(Native Method)
	at java.base/java.io.RandomAccessFile.open(RandomAccessFile.java:338)
	at java.base/java.io.RandomAccessFile.<init>(RandomAccessFile.java:257)
	at java.base/java.io.RandomAccessFile.<init>(RandomAccessFile.java:211)
	at fr.xephi.authme.libs.com.maxmind.db.BufferHolder.<init>(BufferHolder.java:20)
	at fr.xephi.authme.libs.com.maxmind.db.Reader.<init>(Reader.java:121)
	at fr.xephi.authme.service.GeoIpService.startReading(GeoIpService.java:179)
	at fr.xephi.authme.service.GeoIpService.updateDatabase(GeoIpService.java:150)
	at org.bukkit.craftbukkit.v1_12_R1.scheduler.CraftTask.run(CraftTask.java:64)
	at org.bukkit.craftbukkit.v1_12_R1.scheduler.CraftAsyncTask.run(CraftAsyncTask.java:52)
	at com.destroystokyo.paper.ServerSchedulerReportingWrapper.run(ServerSchedulerReportingWrapper.java:22)
	at java.base/java.util.concurrent.ThreadPoolExecutor.runWorker(ThreadPoolExecutor.java:1090)
	at java.base/java.util.concurrent.ThreadPoolExecutor$Worker.run(ThreadPoolExecutor.java:614)
	at java.base/java.lang.Thread.run(Thread.java:1474)

[09-15 16:10:37]: [FINE] acie registered 0:0:0:0:0:0:0:1%0
[09-15 16:10:37]: [FINE] acie logged in 0:0:0:0:0:0:0:1%0
[09-15 16:18:21]: [INFO] AuthMe 5.6.0-bCUSTOM disabled!
[09-15 16:23:18]: [INFO] SQLite Setup finished
[09-15 16:23:18]: [INFO] No supported permissions system found! Permissions are disabled!
[09-15 16:23:18]: [WARN] WARNING! The protectInventory feature requires ProtocolLib! Disabling it...
[09-15 16:23:18]: [INFO] AuthMe 5.6.0 build n.CUSTOM successfully enabled!
[09-15 16:23:19]: [INFO] Downloading GEO IP database, because the old database is older than 30 days or doesn't exist
[09-15 16:23:19]: [WARN] No MaxMind credentials found in the configuration file! GeoIp protections will be disabled.
[09-15 16:23:19]: [INFO] There is no newer GEO IP database uploaded to MaxMind. Using the old one for now.
[09-15 16:23:19]: [WARN] Could not download GeoLiteAPI database [FileNotFoundException]: plugins/AuthMe/GeoLite2-Country.mmdb (No such file or directory)
[09-15 16:23:19]: java.io.FileNotFoundException: plugins/AuthMe/GeoLite2-Country.mmdb (No such file or directory)
	at java.base/java.io.RandomAccessFile.open0(Native Method)
	at java.base/java.io.RandomAccessFile.open(RandomAccessFile.java:338)
	at java.base/java.io.RandomAccessFile.<init>(RandomAccessFile.java:257)
	at java.base/java.io.RandomAccessFile.<init>(RandomAccessFile.java:211)
	at fr.xephi.authme.libs.com.maxmind.db.BufferHolder.<init>(BufferHolder.java:20)
	at fr.xephi.authme.libs.com.maxmind.db.Reader.<init>(Reader.java:121)
	at fr.xephi.authme.service.GeoIpService.startReading(GeoIpService.java:179)
	at fr.xephi.authme.service.GeoIpService.updateDatabase(GeoIpService.java:150)
	at org.bukkit.craftbukkit.v1_12_R1.scheduler.CraftTask.run(CraftTask.java:64)
	at org.bukkit.craftbukkit.v1_12_R1.scheduler.CraftAsyncTask.run(CraftAsyncTask.java:52)
	at com.destroystokyo.paper.ServerSchedulerReportingWrapper.run(ServerSchedulerReportingWrapper.java:22)
	at java.base/java.util.concurrent.ThreadPoolExecutor.runWorker(ThreadPoolExecutor.java:1090)
	at java.base/java.util.concurrent.ThreadPoolExecutor$Worker.run(ThreadPoolExecutor.java:614)
	at java.base/java.lang.Thread.run(Thread.java:1474)

[09-15 16:25:17]: [FINE] acie logged in 0:0:0:0:0:0:0:1%0
[09-15 16:32:59]: [FINE] mrballs123 registered 0:0:0:0:0:0:0:1%0
[09-15 16:32:59]: [FINE] The user mrballs123 has 2 accounts:
[09-15 16:32:59]: [FINE] §7acie, §amrballs123§7.
[09-15 16:32:59]: [FINE] mrballs123 logged in 0:0:0:0:0:0:0:1%0
[09-15 16:33:18]: [FINE] ozzy_mexican registered 0:0:0:0:0:0:0:1%0
[09-15 16:33:18]: [FINE] The user ozzy_mexican has 3 accounts:
[09-15 16:33:18]: [FINE] §7acie, §amrballs123§7, §aozzy_mexican§7.
[09-15 16:33:18]: [FINE] ozzy_mexican logged in 0:0:0:0:0:0:0:1%0
[09-15 16:33:48]: [FINE] The user acie has 3 accounts:
[09-15 16:33:48]: [FINE] §7§aacie§7, §amrballs123§7, §aozzy_mexican§7.
[09-15 16:33:48]: [FINE] acie logged in 0:0:0:0:0:0:0:1%0
[09-15 16:44:14]: [FINE] The user mrballs123 has 3 accounts:
[09-15 16:44:14]: [FINE] §7acie, §amrballs123§7, §aozzy_mexican§7.
[09-15 16:44:14]: [FINE] mrballs123 logged in 0:0:0:0:0:0:0:1%0
[09-15 16:53:06]: [FINE] The user acie has 3 accounts:
[09-15 16:53:06]: [FINE] §7§aacie§7, §amrballs123§7, §aozzy_mexican§7.
[09-15 16:53:06]: [FINE] acie logged in 0:0:0:0:0:0:0:1%0
[09-15 17:00:24]: [INFO] AuthMe 5.6.0-bCUSTOM disabled!
